*******************************************************************
* Genome-wide Complex Trait Analysis (GCTA)
* version 1.93.2 beta Linux
* (C) 2010-present, Jian Yang, The University of Queensland
* Please report bugs to Jian Yang <jian.yang.qt@gmail.com>
*******************************************************************
Analysis started at 09:47:04 CST on Mon Nov 21 2022.
Hostname: christian-laptop

Accepted options:
--grm Example/Input_files/grm
--pheno Example/Input_files/pheno.phen
--mpheno 1
--reml
--out test
--qcovar temp_Cont.txt
--covar temp_Discrete.txt

Note: This is a multi-thread program. You could specify the number of threads by the --thread-num option to speed up the computation if there are multiple processors in your machine.

Reading IDs of the GRM from [Example/Input_files/grm.grm.id].
5000 IDs read from [Example/Input_files/grm.grm.id].
Reading the GRM from [Example/Input_files/grm.grm.bin].
GRM for 5000 individuals are included from [Example/Input_files/grm.grm.bin].
Reading phenotypes from [Example/Input_files/pheno.phen].
There are 6 traits specified in the file [Example/Input_files/pheno.phen].
Trait #1 is included for analysis.
Non-missing phenotypes of 5001 individuals are included from [Example/Input_files/pheno.phen].
Reading quantitative covariates from [temp_Cont.txt].
4 quantitative covariate(s) of 5000 individuals read from [temp_Cont.txt].
Reading discrete covariate(s) from [temp_Discrete.txt].
1 discrete covariate(s) of 5000 individuals are included from [temp_Discrete.txt].

4 quantitative variable(s) included as covariate(s).
1 discrete variable(s) included as covariate(s).
5000 individuals are in common in these files.

Performing  REML analysis ... (Note: may take hours depending on sample size).
5000 observations, 6 fixed effect(s), and 2 variance component(s)(including residual variance).
Calculating prior values of variance components by EM-REML ...
Updated prior values: 0.517062 0.472511
logL: -2245.81
Running AI-REML algorithm ...
Iter.	logL	V(G)	V(e)	
1	-2231.95	0.62474	0.36514	
2	-2192.88	0.69376	0.30487	
3	-2176.36	0.73929	0.26855	
4	-2169.10	0.76983	0.24564	
5	-2165.83	0.79053	0.23076	
6	-2164.32	0.80467	0.22088	
7	-2163.62	0.81436	0.21425	
8	-2163.29	0.83545	0.20001	
9	-2162.99	0.83588	0.19992	
10	-2162.99	0.83589	0.19991	
11	-2162.99	0.83589	0.19991	
Log-likelihood ratio converged.

Calculating the logLikelihood for the reduced model ...
(variance component 1 is dropped from the model)
Calculating prior values of variance components by EM-REML ...
Updated prior values: 1.02403
logL: -2567.76331
Running AI-REML algorithm ...
Iter.	logL	V(e)	
1	-2567.76	1.02403	
Log-likelihood ratio converged.

Summary result of REML analysis:
Source	Variance	SE
V(G)	0.835888	0.032893
V(e)	0.199911	0.018413
Vp	1.035799	0.023168
V(G)/Vp	0.806998	0.019280

Sampling variance/covariance of the estimates of variance components:
1.081963e-03	-4.421108e-04	
-4.421108e-04	3.390320e-04	

Summary result of REML analysis has been saved in the file [test.hsq].

Analysis finished at 09:49:10 CST on Mon Nov 21 2022
Overall computational time: 2 minutes 6 sec.
